22:18:39 **** Incremental Build of configuration Debug for project TIMER_PWM_0 ****
make -j6 all 
arm-none-eabi-gcc "../Core/Src/main.c" -mcpu=cortex-m0plus -std=gnu11 -g3 -DDEBUG -DUSE_HAL_DRIVER -DSTM32G070xx -c -I../Core/Inc -I../Drivers/STM32G0xx_HAL_Driver/Inc -I../Drivers/STM32G0xx_HAL_Driver/Inc/Legacy -I../Drivers/CMSIS/Device/ST/STM32G0xx/Include -I../Drivers/CMSIS/Include -O0 -ffunction-sections -fdata-sections -Wall -fstack-usage -MMD -MP -MF"Core/Src/main.d" -MT"Core/Src/main.o" --specs=nano.specs -mfloat-abi=soft -mthumb -o "Core/Src/main.o"
arm-none-eabi-gcc -o "TIMER_PWM_0.elf" @"objects.list"   -mcpu=cortex-m0plus -T"C:\Users\Daniel\Documents\GitHub\Dbotelho2000\workspace 1.9.0\TIMER_PWM_0\STM32G070RBTX_FLASH.ld" --specs=nosys.specs -Wl,-Map="TIMER_PWM_0.map" -Wl,--gc-sections -static --specs=nano.specs -mfloat-abi=soft -mthumb -Wl,--start-group -lc -lm -Wl,--end-group
Finished building target: TIMER_PWM_0.elf
 
arm-none-eabi-size   TIMER_PWM_0.elf 
arm-none-eabi-objdump -h -S  TIMER_PWM_0.elf  > "TIMER_PWM_0.list"
   text	   data	    bss	    dec	    hex	filename
  24464	     20	   3428	  27912	   6d08	TIMER_PWM_0.elf
Finished building: default.size.stdout
 
Finished building: TIMER_PWM_0.list
 

22:18:40 Build Finished. 0 errors, 0 warnings. (took 877ms)

